{
    "Impute with quilt two individuals with bamlist": {
        "content": [
            {
                "0": [
                    [
                        {
                            "id": "allid",
                            "panel": "1000GP",
                            "chr": "22",
                            "chunk": "16570065-16597215",
                            "tools": "quilt"
                        },
                        "allid_22_16570065-16597215.impute.annotate.vcf.gz:md5,de611972f693a8c90c4a8175deab5249",
                        "allid_22_16570065-16597215.impute.annotate.vcf.gz.tbi:md5,0802cd70847696ee407c520fd963db31"
                    ],
                    [
                        {
                            "id": "allid",
                            "panel": "1000GP",
                            "chr": "22",
                            "chunk": "16587172-16609999",
                            "tools": "quilt"
                        },
                        "allid_22_16587172-16609999.impute.annotate.vcf.gz:md5,8a1dc994fc0eb4771b6acfe0e876580b",
                        "allid_22_16587172-16609999.impute.annotate.vcf.gz.tbi:md5,f3e0d1c94d02bcb57bafd143c49269f4"
                    ]
                ],
                "1": [
                    "versions.yml:md5,ac2d0f2a8e77cd796d3b4b84fdd46b0d",
                    "versions.yml:md5,cb038a1f67a47a76d0e0a983cfd56789"
                ],
                "vcf_tbi": [
                    [
                        {
                            "id": "allid",
                            "panel": "1000GP",
                            "chr": "22",
                            "chunk": "16570065-16597215",
                            "tools": "quilt"
                        },
                        "allid_22_16570065-16597215.impute.annotate.vcf.gz:md5,de611972f693a8c90c4a8175deab5249",
                        "allid_22_16570065-16597215.impute.annotate.vcf.gz.tbi:md5,0802cd70847696ee407c520fd963db31"
                    ],
                    [
                        {
                            "id": "allid",
                            "panel": "1000GP",
                            "chr": "22",
                            "chunk": "16587172-16609999",
                            "tools": "quilt"
                        },
                        "allid_22_16587172-16609999.impute.annotate.vcf.gz:md5,8a1dc994fc0eb4771b6acfe0e876580b",
                        "allid_22_16587172-16609999.impute.annotate.vcf.gz.tbi:md5,f3e0d1c94d02bcb57bafd143c49269f4"
                    ]
                ],
                "versions": [
                    "versions.yml:md5,ac2d0f2a8e77cd796d3b4b84fdd46b0d",
                    "versions.yml:md5,cb038a1f67a47a76d0e0a983cfd56789"
                ]
            },
            [
                "VcfFile [chromosomes=[chr22], sampleCount=2, variantCount=572, phased=true, phasedAutodetect=false]",
                "VcfFile [chromosomes=[chr22], sampleCount=2, variantCount=570, phased=true, phasedAutodetect=false]"
            ],
            [
                [
                    "NA12878",
                    "NA19401"
                ],
                [
                    "NA12878",
                    "NA19401"
                ]
            ]
        ],
        "meta": {
            "nf-test": "0.9.2",
            "nextflow": "24.10.0"
        },
        "timestamp": "2024-11-06T16:24:00.161098553"
    },
    "Impute with quilt one individuals": {
        "content": [
            {
                "0": [
                    [
                        {
                            "id": "NA12878",
                            "panel": "1000GP",
                            "chr": "22",
                            "chunk": "16570065-16597215",
                            "tools": "quilt"
                        },
                        "NA12878_22_16570065-16597215.impute.annotate.vcf.gz:md5,f1a6f74a4782fc1df96db2b1fd458381",
                        "NA12878_22_16570065-16597215.impute.annotate.vcf.gz.tbi:md5,de3b20dc5f67aae2a9669f0c667edb5d"
                    ],
                    [
                        {
                            "id": "NA12878",
                            "panel": "1000GP",
                            "chr": "22",
                            "chunk": "16587172-16609999",
                            "tools": "quilt"
                        },
                        "NA12878_22_16587172-16609999.impute.annotate.vcf.gz:md5,d549aa4a26cbe659081002521c4400c2",
                        "NA12878_22_16587172-16609999.impute.annotate.vcf.gz.tbi:md5,674782f71cca76015e0b72f9bc4e5431"
                    ]
                ],
                "1": [
                    "versions.yml:md5,ac2d0f2a8e77cd796d3b4b84fdd46b0d",
                    "versions.yml:md5,cb038a1f67a47a76d0e0a983cfd56789"
                ],
                "vcf_tbi": [
                    [
                        {
                            "id": "NA12878",
                            "panel": "1000GP",
                            "chr": "22",
                            "chunk": "16570065-16597215",
                            "tools": "quilt"
                        },
                        "NA12878_22_16570065-16597215.impute.annotate.vcf.gz:md5,f1a6f74a4782fc1df96db2b1fd458381",
                        "NA12878_22_16570065-16597215.impute.annotate.vcf.gz.tbi:md5,de3b20dc5f67aae2a9669f0c667edb5d"
                    ],
                    [
                        {
                            "id": "NA12878",
                            "panel": "1000GP",
                            "chr": "22",
                            "chunk": "16587172-16609999",
                            "tools": "quilt"
                        },
                        "NA12878_22_16587172-16609999.impute.annotate.vcf.gz:md5,d549aa4a26cbe659081002521c4400c2",
                        "NA12878_22_16587172-16609999.impute.annotate.vcf.gz.tbi:md5,674782f71cca76015e0b72f9bc4e5431"
                    ]
                ],
                "versions": [
                    "versions.yml:md5,ac2d0f2a8e77cd796d3b4b84fdd46b0d",
                    "versions.yml:md5,cb038a1f67a47a76d0e0a983cfd56789"
                ]
            },
            [
                "VcfFile [chromosomes=[chr22], sampleCount=1, variantCount=572, phased=true, phasedAutodetect=false]",
                "VcfFile [chromosomes=[chr22], sampleCount=1, variantCount=570, phased=true, phasedAutodetect=false]"
            ],
            [
                [
                    "NA12878"
                ],
                [
                    "NA12878"
                ]
            ]
        ],
        "meta": {
            "nf-test": "0.9.2",
            "nextflow": "24.10.0"
        },
        "timestamp": "2024-11-06T16:24:29.617067286"
    }
}