{
    "Impute with glimpse1 one vcf": {
        "content": [
            {
                "0": [
                    [
                        {
                            "id": "NA12878",
                            "panel": "1000GP",
                            "chr": "22",
                            "tools": "glimpse1"
                        },
                        "NA12878_22_ligate.vcf.gz:md5,3a6cbabaafd2772afa140e02d3fe3238",
                        "NA12878_22_ligate.vcf.gz.tbi:md5,870a906079573453167617fc818638ab"
                    ]
                ],
                "1": [
                    "versions.yml:md5,2f8b6f8bb3b3972bb0375abf1de08807",
                    "versions.yml:md5,2f8b6f8bb3b3972bb0375abf1de08807",
                    "versions.yml:md5,8c79d92b93fe75a9094499ce5d5eaca2",
                    "versions.yml:md5,9d78fceae32ec42b1818bb5890e9a6ba",
                    "versions.yml:md5,bf4a479eb73467775a4afeebd25841aa",
                    "versions.yml:md5,bf4a479eb73467775a4afeebd25841aa"
                ],
                "2": [
                    
                ],
                "multiqc_files": [
                    
                ],
                "vcf_tbi": [
                    [
                        {
                            "id": "NA12878",
                            "panel": "1000GP",
                            "chr": "22",
                            "tools": "glimpse1"
                        },
                        "NA12878_22_ligate.vcf.gz:md5,3a6cbabaafd2772afa140e02d3fe3238",
                        "NA12878_22_ligate.vcf.gz.tbi:md5,870a906079573453167617fc818638ab"
                    ]
                ],
                "versions": [
                    "versions.yml:md5,2f8b6f8bb3b3972bb0375abf1de08807",
                    "versions.yml:md5,2f8b6f8bb3b3972bb0375abf1de08807",
                    "versions.yml:md5,8c79d92b93fe75a9094499ce5d5eaca2",
                    "versions.yml:md5,9d78fceae32ec42b1818bb5890e9a6ba",
                    "versions.yml:md5,bf4a479eb73467775a4afeebd25841aa",
                    "versions.yml:md5,bf4a479eb73467775a4afeebd25841aa"
                ]
            },
            [
                "VcfFile [chromosomes=[chr22], sampleCount=1, variantCount=903, phased=false, phasedAutodetect=false]"
            ],
            [
                [
                    "NA12878"
                ]
            ]
        ],
        "meta": {
            "nf-test": "0.9.2",
            "nextflow": "24.10.0"
        },
        "timestamp": "2024-11-06T17:41:06.29924786"
    },
    "Impute with glimpse1 two vcf": {
        "content": [
            {
                "0": [
                    [
                        {
                            "id": "NA12878",
                            "panel": "1000GP",
                            "chr": "22",
                            "tools": "glimpse1"
                        },
                        "NA12878_22_ligate.vcf.gz:md5,9dade6f748ddd821ec01775ad378ba42",
                        "NA12878_22_ligate.vcf.gz.tbi:md5,870a906079573453167617fc818638ab"
                    ],
                    [
                        {
                            "id": "NA19401",
                            "panel": "1000GP",
                            "chr": "22",
                            "tools": "glimpse1"
                        },
                        "NA19401_22_ligate.vcf.gz:md5,4c684a116c49da91d7271793f89f95e4",
                        "NA19401_22_ligate.vcf.gz.tbi:md5,7efba07d4dec3b525149f459c08d853b"
                    ]
                ],
                "1": [
                    "versions.yml:md5,2f8b6f8bb3b3972bb0375abf1de08807",
                    "versions.yml:md5,2f8b6f8bb3b3972bb0375abf1de08807",
                    "versions.yml:md5,2f8b6f8bb3b3972bb0375abf1de08807",
                    "versions.yml:md5,2f8b6f8bb3b3972bb0375abf1de08807",
                    "versions.yml:md5,8c79d92b93fe75a9094499ce5d5eaca2",
                    "versions.yml:md5,8c79d92b93fe75a9094499ce5d5eaca2",
                    "versions.yml:md5,9d78fceae32ec42b1818bb5890e9a6ba",
                    "versions.yml:md5,9d78fceae32ec42b1818bb5890e9a6ba",
                    "versions.yml:md5,bf4a479eb73467775a4afeebd25841aa",
                    "versions.yml:md5,bf4a479eb73467775a4afeebd25841aa",
                    "versions.yml:md5,bf4a479eb73467775a4afeebd25841aa",
                    "versions.yml:md5,bf4a479eb73467775a4afeebd25841aa"
                ],
                "2": [
                    
                ],
                "multiqc_files": [
                    
                ],
                "vcf_tbi": [
                    [
                        {
                            "id": "NA12878",
                            "panel": "1000GP",
                            "chr": "22",
                            "tools": "glimpse1"
                        },
                        "NA12878_22_ligate.vcf.gz:md5,9dade6f748ddd821ec01775ad378ba42",
                        "NA12878_22_ligate.vcf.gz.tbi:md5,870a906079573453167617fc818638ab"
                    ],
                    [
                        {
                            "id": "NA19401",
                            "panel": "1000GP",
                            "chr": "22",
                            "tools": "glimpse1"
                        },
                        "NA19401_22_ligate.vcf.gz:md5,4c684a116c49da91d7271793f89f95e4",
                        "NA19401_22_ligate.vcf.gz.tbi:md5,7efba07d4dec3b525149f459c08d853b"
                    ]
                ],
                "versions": [
                    "versions.yml:md5,2f8b6f8bb3b3972bb0375abf1de08807",
                    "versions.yml:md5,2f8b6f8bb3b3972bb0375abf1de08807",
                    "versions.yml:md5,2f8b6f8bb3b3972bb0375abf1de08807",
                    "versions.yml:md5,2f8b6f8bb3b3972bb0375abf1de08807",
                    "versions.yml:md5,8c79d92b93fe75a9094499ce5d5eaca2",
                    "versions.yml:md5,8c79d92b93fe75a9094499ce5d5eaca2",
                    "versions.yml:md5,9d78fceae32ec42b1818bb5890e9a6ba",
                    "versions.yml:md5,9d78fceae32ec42b1818bb5890e9a6ba",
                    "versions.yml:md5,bf4a479eb73467775a4afeebd25841aa",
                    "versions.yml:md5,bf4a479eb73467775a4afeebd25841aa",
                    "versions.yml:md5,bf4a479eb73467775a4afeebd25841aa",
                    "versions.yml:md5,bf4a479eb73467775a4afeebd25841aa"
                ]
            },
            [
                "VcfFile [chromosomes=[chr22], sampleCount=1, variantCount=903, phased=false, phasedAutodetect=false]",
                "VcfFile [chromosomes=[chr22], sampleCount=1, variantCount=903, phased=false, phasedAutodetect=false]"
            ],
            [
                [
                    "NA12878"
                ],
                [
                    "NA19401"
                ]
            ]
        ],
        "meta": {
            "nf-test": "0.9.2",
            "nextflow": "24.10.0"
        },
        "timestamp": "2024-11-06T17:40:48.121360395"
    }
}