{
    "Test checkMetaChr error": {
        "content": [
            [
                "N E X T F L O W  ~  version 24.04.3",
                "Launching `/mnt/s/Users/Main/Documents/Louis/Travail/IGDR/Repositories/phaseimpute/.nf-test/tests/ed90b74f1c9354d03a69767c5df96bbc/meta/mock.nf` [cheesy_golick] DSL2 - revision: 184c64ccc5",
                "WARN: Chr : [chrY] is missing from test"
            ]
        ],
        "meta": {
            "nf-test": "0.8.4",
            "nextflow": "24.04.3"
        },
        "timestamp": "2024-07-16T15:31:57.920377701"
    },
    "Test getFileExtension": {
        "content": [
            "vcf"
        ],
        "meta": {
            "nf-test": "0.8.4",
            "nextflow": "24.04.3"
        },
        "timestamp": "2024-07-12T17:12:47.079086374"
    },
    "Test validateInputBatchTools only one vcf": {
        "content": [
            [
                "When using a Variant Calling Format file as input, only one file can be provided. If you have multiple samples, please merge them into a single VCF file."
            ]
        ],
        "meta": {
            "nf-test": "0.8.4",
            "nextflow": "24.04.4"
        },
        "timestamp": "2024-10-16T20:08:33.571723823"
    },
    "Test validateInputBatchTools vcf only for glimpse": {
        "content": [
            [
                "Stitch or Quilt software cannot run with VCF or BCF files. Please provide alignment files (i.e. BAM or CRAM)."
            ]
        ],
        "meta": {
            "nf-test": "0.8.4",
            "nextflow": "24.04.4"
        },
        "timestamp": "2024-10-16T20:20:28.177195568"
    },
    "Test getFileExtension non empty list": {
        "content": [
            [
                "vcf",
                "txt"
            ]
        ],
        "meta": {
            "nf-test": "0.9.1",
            "nextflow": "24.10.0"
        },
        "timestamp": "2024-10-31T13:15:08.856706046"
    },
    "Test getFileExtension empty list": {
        "content": [
            [
                
            ]
        ],
        "meta": {
            "nf-test": "0.8.4",
            "nextflow": "24.04.4"
        },
        "timestamp": "2024-10-30T20:00:55.32420517"
    },
    "Test validateInputBatchTools error batch": {
        "content": [
            [
                "Stitch or Glimpse1 software is selected and the number of input files (150) is less than the batch size (60). Splitting the input files in batches would induce batch effect."
            ]
        ],
        "meta": {
            "nf-test": "0.8.4",
            "nextflow": "24.04.4"
        },
        "timestamp": "2024-10-16T20:27:27.025786146"
    }
}