{
    "Downsample to 2X": {
        "content": [
            {
                "0": [
                    [
                        {
                            "id": "NA12878",
                            "depth": 2
                        },
                        "NA12878.bam:md5,f9f41668c064cb54051f77a18bd6a258",
                        "NA12878.bam.csi:md5,0b4abd161cdcc2b51571c9cc651df354"
                    ],
                    [
                        {
                            "id": "NA19401",
                            "depth": 2
                        },
                        "NA19401.bam:md5,dd327e50a1d4ba3a8ccaa07a587a2ecf",
                        "NA19401.bam.csi:md5,36c29896003f2de5306ff427a969058c"
                    ]
                ],
                "1": [
                    "versions.yml:md5,43ed2e6d85cac7ccd2fb22a733f585dc",
                    "versions.yml:md5,9eef568f4fc903d70199abf5a48bd08f",
                    "versions.yml:md5,a61d007b27e86103db8d68a8c79a98fb"
                ],
                "bam_emul": [
                    [
                        {
                            "id": "NA12878",
                            "depth": 2
                        },
                        "NA12878.bam:md5,f9f41668c064cb54051f77a18bd6a258",
                        "NA12878.bam.csi:md5,0b4abd161cdcc2b51571c9cc651df354"
                    ],
                    [
                        {
                            "id": "NA19401",
                            "depth": 2
                        },
                        "NA19401.bam:md5,dd327e50a1d4ba3a8ccaa07a587a2ecf",
                        "NA19401.bam.csi:md5,36c29896003f2de5306ff427a969058c"
                    ]
                ],
                "versions": [
                    "versions.yml:md5,43ed2e6d85cac7ccd2fb22a733f585dc",
                    "versions.yml:md5,9eef568f4fc903d70199abf5a48bd08f",
                    "versions.yml:md5,a61d007b27e86103db8d68a8c79a98fb"
                ]
            }
        ],
        "meta": {
            "nf-test": "0.9.2",
            "nextflow": "24.10.0"
        },
        "timestamp": "2024-11-06T15:28:20.410189057"
    },
    "Downsample to 4X": {
        "content": [
            {
                "0": [
                    [
                        {
                            "id": "NA12878",
                            "depth": 4
                        },
                        "NA12878.bam:md5,766247cca7d1ccff1352ecc3d47fe4be",
                        "NA12878.bam.csi:md5,3f8f9a17463b6c2391c632681d3f253a"
                    ],
                    [
                        {
                            "id": "NA19401",
                            "depth": 4
                        },
                        "NA19401.bam:md5,f678431058d8b4963f09fa3431681756",
                        "NA19401.bam.csi:md5,14a9e8d58a46360917263c22c07dea41"
                    ]
                ],
                "1": [
                    "versions.yml:md5,43ed2e6d85cac7ccd2fb22a733f585dc",
                    "versions.yml:md5,9eef568f4fc903d70199abf5a48bd08f",
                    "versions.yml:md5,a61d007b27e86103db8d68a8c79a98fb"
                ],
                "bam_emul": [
                    [
                        {
                            "id": "NA12878",
                            "depth": 4
                        },
                        "NA12878.bam:md5,766247cca7d1ccff1352ecc3d47fe4be",
                        "NA12878.bam.csi:md5,3f8f9a17463b6c2391c632681d3f253a"
                    ],
                    [
                        {
                            "id": "NA19401",
                            "depth": 4
                        },
                        "NA19401.bam:md5,f678431058d8b4963f09fa3431681756",
                        "NA19401.bam.csi:md5,14a9e8d58a46360917263c22c07dea41"
                    ]
                ],
                "versions": [
                    "versions.yml:md5,43ed2e6d85cac7ccd2fb22a733f585dc",
                    "versions.yml:md5,9eef568f4fc903d70199abf5a48bd08f",
                    "versions.yml:md5,a61d007b27e86103db8d68a8c79a98fb"
                ]
            }
        ],
        "meta": {
            "nf-test": "0.9.2",
            "nextflow": "24.10.0"
        },
        "timestamp": "2024-11-06T15:28:38.037041169"
    },
    "Reads2X": {
        "content": [
            [
                1164,
                1196
            ]
        ],
        "meta": {
            "nf-test": "0.8.4",
            "nextflow": "24.04.3"
        },
        "timestamp": "2024-07-17T15:34:43.895894693"
    },
    "Reads4X": {
        "content": [
            [
                2402,
                2321
            ]
        ],
        "meta": {
            "nf-test": "0.8.4",
            "nextflow": "24.04.3"
        },
        "timestamp": "2024-07-17T15:34:15.646735174"
    }
}