{
    "Normalize content": {
        "content": [
            [
                "VcfFile [chromosomes=[chr21], sampleCount=3196, variantCount=836, phased=true, phasedAutodetect=true]",
                "VcfFile [chromosomes=[chr22], sampleCount=3196, variantCount=903, phased=true, phasedAutodetect=true]"
            ]
        ],
        "meta": {
            "nf-test": "0.8.4",
            "nextflow": "23.10.1"
        },
        "timestamp": "2024-07-18T15:21:05.213839279"
    },
    "Normalize vcf with computing frequencies after removing samples": {
        "content": [
            {
                "0": [
                    [
                        {
                            "id": "1000GP",
                            "chr": "chr21"
                        },
                        "1000GP_chr21_fixed.vcf.gz:md5,7ba662a360af50800f160a68dc168375",
                        "1000GP_chr21_fixed.vcf.gz.tbi:md5,a6690d0553f532e3952d591d9c57ba71"
                    ],
                    [
                        {
                            "id": "1000GP",
                            "chr": "chr22"
                        },
                        "1000GP_chr22_fixed.vcf.gz:md5,a00481ba39e0e0a769aa49d1e57ffb66",
                        "1000GP_chr22_fixed.vcf.gz.tbi:md5,3fb30aa704a97e35898a7a281d18ab29"
                    ]
                ],
                "1": [
                    "versions.yml:md5,3bba75c8e94eb2271ad38e3a1ee06ad8",
                    "versions.yml:md5,3bba75c8e94eb2271ad38e3a1ee06ad8",
                    "versions.yml:md5,bdf2c1ea1cace63b301158243f3fd12f",
                    "versions.yml:md5,bdf2c1ea1cace63b301158243f3fd12f",
                    "versions.yml:md5,c1918a7ebe19e200e8981e12c8fd52d4",
                    "versions.yml:md5,c1918a7ebe19e200e8981e12c8fd52d4",
                    "versions.yml:md5,da9510d939fc9cb45b897127f0d5e490",
                    "versions.yml:md5,da9510d939fc9cb45b897127f0d5e490"
                ],
                "vcf_tbi": [
                    [
                        {
                            "id": "1000GP",
                            "chr": "chr21"
                        },
                        "1000GP_chr21_fixed.vcf.gz:md5,7ba662a360af50800f160a68dc168375",
                        "1000GP_chr21_fixed.vcf.gz.tbi:md5,a6690d0553f532e3952d591d9c57ba71"
                    ],
                    [
                        {
                            "id": "1000GP",
                            "chr": "chr22"
                        },
                        "1000GP_chr22_fixed.vcf.gz:md5,a00481ba39e0e0a769aa49d1e57ffb66",
                        "1000GP_chr22_fixed.vcf.gz.tbi:md5,3fb30aa704a97e35898a7a281d18ab29"
                    ]
                ],
                "versions": [
                    "versions.yml:md5,3bba75c8e94eb2271ad38e3a1ee06ad8",
                    "versions.yml:md5,3bba75c8e94eb2271ad38e3a1ee06ad8",
                    "versions.yml:md5,bdf2c1ea1cace63b301158243f3fd12f",
                    "versions.yml:md5,bdf2c1ea1cace63b301158243f3fd12f",
                    "versions.yml:md5,c1918a7ebe19e200e8981e12c8fd52d4",
                    "versions.yml:md5,c1918a7ebe19e200e8981e12c8fd52d4",
                    "versions.yml:md5,da9510d939fc9cb45b897127f0d5e490",
                    "versions.yml:md5,da9510d939fc9cb45b897127f0d5e490"
                ]
            }
        ],
        "meta": {
            "nf-test": "0.9.2",
            "nextflow": "24.10.0"
        },
        "timestamp": "2024-11-06T15:35:50.602801842"
    },
    "Norm content recomputed": {
        "content": [
            [
                "VcfFile [chromosomes=[chr21], sampleCount=3190, variantCount=836, phased=true, phasedAutodetect=true]",
                "VcfFile [chromosomes=[chr22], sampleCount=3190, variantCount=903, phased=true, phasedAutodetect=true]"
            ]
        ],
        "meta": {
            "nf-test": "0.8.4",
            "nextflow": "23.10.1"
        },
        "timestamp": "2024-07-18T15:23:37.057826205"
    },
    "Normalize vcf without computing frequencies nor removing samples": {
        "content": [
            {
                "0": [
                    [
                        {
                            "id": "1000GP",
                            "chr": "chr21"
                        },
                        "1000GP_chr21_biallelic_snps.vcf.gz:md5,2adaff4c1dc4168a152d56e98c42a687",
                        "1000GP_chr21_biallelic_snps.vcf.gz.tbi:md5,006d0bec1050410aa64d427e2fad42e2"
                    ],
                    [
                        {
                            "id": "1000GP",
                            "chr": "chr22"
                        },
                        "1000GP_chr22_biallelic_snps.vcf.gz:md5,f5b6f95c3412181413cac2927a48c67b",
                        "1000GP_chr22_biallelic_snps.vcf.gz.tbi:md5,d3460d21cacfbb15b34289454e2922a8"
                    ]
                ],
                "1": [
                    "versions.yml:md5,c1918a7ebe19e200e8981e12c8fd52d4",
                    "versions.yml:md5,c1918a7ebe19e200e8981e12c8fd52d4",
                    "versions.yml:md5,da9510d939fc9cb45b897127f0d5e490",
                    "versions.yml:md5,da9510d939fc9cb45b897127f0d5e490"
                ],
                "vcf_tbi": [
                    [
                        {
                            "id": "1000GP",
                            "chr": "chr21"
                        },
                        "1000GP_chr21_biallelic_snps.vcf.gz:md5,2adaff4c1dc4168a152d56e98c42a687",
                        "1000GP_chr21_biallelic_snps.vcf.gz.tbi:md5,006d0bec1050410aa64d427e2fad42e2"
                    ],
                    [
                        {
                            "id": "1000GP",
                            "chr": "chr22"
                        },
                        "1000GP_chr22_biallelic_snps.vcf.gz:md5,f5b6f95c3412181413cac2927a48c67b",
                        "1000GP_chr22_biallelic_snps.vcf.gz.tbi:md5,d3460d21cacfbb15b34289454e2922a8"
                    ]
                ],
                "versions": [
                    "versions.yml:md5,c1918a7ebe19e200e8981e12c8fd52d4",
                    "versions.yml:md5,c1918a7ebe19e200e8981e12c8fd52d4",
                    "versions.yml:md5,da9510d939fc9cb45b897127f0d5e490",
                    "versions.yml:md5,da9510d939fc9cb45b897127f0d5e490"
                ]
            }
        ],
        "meta": {
            "nf-test": "0.9.2",
            "nextflow": "24.10.0"
        },
        "timestamp": "2024-11-06T15:35:24.336463059"
    }
}