{
    "Prepare chunks channel error tool": {
        "content": [
            [
                "Only 'glimpse' and 'quilt' output format are supported. Got glimpse2"
            ]
        ],
        "meta": {
            "nf-test": "0.9.2",
            "nextflow": "24.10.0"
        },
        "timestamp": "2024-11-06T15:30:55.291994433"
    },
    "Prepare chunks channel Quilt": {
        "content": [
            {
                "0": [
                    [
                        {
                            "id": "1000GP",
                            "chr": "chr21"
                        },
                        "chr21",
                        "16570070",
                        "16595525"
                    ],
                    [
                        {
                            "id": "1000GP",
                            "chr": "chr21"
                        },
                        "chr21",
                        "16585483",
                        "16609998"
                    ]
                ],
                "chunks": [
                    [
                        {
                            "id": "1000GP",
                            "chr": "chr21"
                        },
                        "chr21",
                        "16570070",
                        "16595525"
                    ],
                    [
                        {
                            "id": "1000GP",
                            "chr": "chr21"
                        },
                        "chr21",
                        "16585483",
                        "16609998"
                    ]
                ]
            }
        ],
        "meta": {
            "nf-test": "0.8.4",
            "nextflow": "23.10.1"
        },
        "timestamp": "2024-07-18T09:57:11.37570123"
    },
    "Prepare chunks channel Glimpse": {
        "content": [
            {
                "0": [
                    [
                        {
                            "id": "1000GP",
                            "chr": "chr21"
                        },
                        "chr21:16570070-16595525",
                        "chr21:16570070-16590513"
                    ],
                    [
                        {
                            "id": "1000GP",
                            "chr": "chr21"
                        },
                        "chr21:16585483-16609998",
                        "chr21:16590521-16609998"
                    ]
                ],
                "chunks": [
                    [
                        {
                            "id": "1000GP",
                            "chr": "chr21"
                        },
                        "chr21:16570070-16595525",
                        "chr21:16570070-16590513"
                    ],
                    [
                        {
                            "id": "1000GP",
                            "chr": "chr21"
                        },
                        "chr21:16585483-16609998",
                        "chr21:16590521-16609998"
                    ]
                ]
            }
        ],
        "meta": {
            "nf-test": "0.8.4",
            "nextflow": "23.10.1"
        },
        "timestamp": "2024-07-18T09:57:06.040215496"
    }
}